../Core/Src/fancontrol.h:19:6:PID_Init	24	static
../Core/Src/fancontrol.h:28:7:PID_Compute	48	static
../Core/Src/fancontrol.h:39:7:Convert_ADCValue_To_Temperature	24	static
../Core/Src/movingaverage.h:10:6:InitMovingAverageArray	24	static
../Core/Src/movingaverage.h:18:6:UpdateMovingAverageArray	16	static
../Core/Src/movingaverage.h:24:7:ComputeMovingAverage	24	static
../Core/Src/movingaverage.h:33:7:GetVoltage	8	static
../Core/Src/movingaverage.h:38:7:GetCurrent	8	static
../Core/Src/movingaverage.h:43:7:GetPower	8	static
../Core/Src/movingaverage.h:48:7:GetEnergy	8	static
../Core/Src/main.c:80:5:main	64	static
../Core/Src/main.c:165:6:SystemClock_Config	88	static
../Core/Src/main.c:205:13:MX_ADC1_Init	24	static
../Core/Src/main.c:249:13:MX_TIM1_Init	96	static
../Core/Src/main.c:327:13:MX_TIM2_Init	32	static
../Core/Src/main.c:375:13:MX_GPIO_Init	16	static
../Core/Src/main.c:394:6:Error_Handler	4	static,ignoring_inline_asm
